2025-08-03 20:23:00.140 error: 	Asus--Error al actualizar cantidad Error al actualizar cantidad
2025-08-03 20:23:00.816 error: 	Asus--Error al actualizar cantidad Error al actualizar cantidad
2025-08-03 20:23:02.131 error: 	Asus--Error al actualizar cantidad Error al actualizar cantidad
2025-08-03 20:23:02.628 error: 	Asus--Error al actualizar cantidad Error al actualizar cantidad
2025-08-03 20:23:03.147 error: 	Asus--Error al actualizar cantidad Error al actualizar cantidad
2025-08-03 20:23:03.378 error: 	Asus--Error al actualizar cantidad Error al actualizar cantidad
2025-08-03 20:23:04.201 error: 	Asus--Error al actualizar cantidad Error al actualizar cantidad
2025-08-03 20:23:04.893 error: 	Asus--Error al obtener el carrito Error al obtener el carrito
2025-08-03 20:23:08.964 error: 	Asus--Error al obtener el carrito Error al obtener el carrito
2025-08-03 20:23:12.696 error: 	Asus--Error al actualizar cantidad Error al actualizar cantidad
2025-08-03 20:23:13.058 error: 	Asus--Error al obtener el carrito Error al obtener el carrito
2025-08-03 20:23:13.205 error: 	Asus--Error al actualizar cantidad Error al actualizar cantidad
2025-08-03 20:23:17.159 error: 	Asus--Error al obtener el carrito Error al obtener el carrito
2025-08-03 20:23:21.232 error: 	Asus--Error al obtener el carrito Error al obtener el carrito
2025-08-03 20:23:25.306 error: 	Asus--Error al obtener el carrito Error al obtener el carrito
2025-08-03 20:23:28.333 error: 	Asus--Error al obtener el carrito Error al obtener el carrito
2025-08-03 20:23:29.377 error: 	Asus--Error al obtener el carrito Error al obtener el carrito
2025-08-03 20:23:33.442 error: 	Asus--Error al obtener el carrito Error al obtener el carrito
2025-08-03 20:23:39.222 error: 	Asus--Error al obtener el carrito Error al obtener el carrito
2025-08-03 20:23:39.234 error: 	Asus--Se produjo un error interno del servidor 
Invalid `this.prisma.usuario.findUnique()` invocation in
C:\Users\Asus\OneDrive\Escritorio\joyohyd\Server\source\controllers\usuarioController.ts:23:47

  20 const id = parseInt(req.params.id);
  21 if (isNaN(id)) return next(AppError.badRequest('ID inválido'));
  22 
→ 23 const usuario = await this.prisma.usuario.findUnique(
Can't reach database server at `localhost:3306`

Please make sure your database server is running at `localhost:3306`.
2025-08-03 20:24:18.103 error: 	Asus--Se produjo un error interno del servidor 
Invalid `this.prisma.usuario.findUnique()` invocation in
C:\Users\Asus\OneDrive\Escritorio\joyohyd\Server\source\controllers\usuarioController.ts:23:47

  20 const id = parseInt(req.params.id);
  21 if (isNaN(id)) return next(AppError.badRequest('ID inválido'));
  22 
→ 23 const usuario = await this.prisma.usuario.findUnique(
Can't reach database server at `localhost:3306`

Please make sure your database server is running at `localhost:3306`.
2025-08-03 20:24:18.110 error: 	Asus--Error al obtener el carrito Error al obtener el carrito
2025-08-03 20:24:23.484 error: 	Asus--Error al actualizar cantidad Error al actualizar cantidad
2025-08-03 20:24:24.696 error: 	Asus--Error al actualizar cantidad Error al actualizar cantidad
2025-08-03 20:24:25.148 error: 	Asus--Error al actualizar cantidad Error al actualizar cantidad
2025-08-03 20:24:26.823 error: 	Asus--Error al actualizar cantidad Error al actualizar cantidad
2025-08-03 20:24:27.207 error: 	Asus--Error al actualizar cantidad Error al actualizar cantidad
2025-08-03 20:24:27.575 error: 	Asus--Error al obtener el carrito Error al obtener el carrito
2025-08-03 20:24:31.656 error: 	Asus--Error al obtener el carrito Error al obtener el carrito
2025-08-03 20:24:35.732 error: 	Asus--Error al obtener el carrito Error al obtener el carrito
2025-08-03 20:24:39.800 error: 	Asus--Error al obtener el carrito Error al obtener el carrito
