2025-08-15 19:04:30.848 error: 	Asus--ID de usuario inválido ID de usuario inválido
2025-08-15 19:04:32.177 error: 	Asus--ID de usuario inválido ID de usuario inválido
2025-08-15 19:04:47.637 error: 	Asus--Error al obtener el carrito Error al obtener el carrito
2025-08-15 19:04:54.634 error: 	Asus--Item no encontrado en el carrito Item no encontrado en el carrito
2025-08-15 19:04:54.661 error: 	Asus--Error al obtener el carrito Error al obtener el carrito
2025-08-15 19:05:00.977 error: 	Asus--Item no encontrado en el carrito Item no encontrado en el carrito
2025-08-15 19:05:01.007 error: 	Asus--Error al obtener el carrito Error al obtener el carrito
2025-08-15 19:05:01.513 error: 	Asus--Item no encontrado en el carrito Item no encontrado en el carrito
2025-08-15 19:05:01.559 error: 	Asus--Error al obtener el carrito Error al obtener el carrito
2025-08-15 19:05:14.510 error: 	Asus--Error al actualizar cantidad Error al actualizar cantidad
2025-08-15 19:05:14.540 error: 	Asus--Error al obtener el carrito Error al obtener el carrito
2025-08-15 19:05:17.273 error: 	Asus--Error al actualizar cantidad Error al actualizar cantidad
2025-08-15 19:05:17.301 error: 	Asus--Error al obtener el carrito Error al obtener el carrito
2025-08-15 19:05:20.146 error: 	Asus--Error al obtener el carrito Error al obtener el carrito
2025-08-15 19:05:26.708 error: 	Asus--Error al obtener el carrito Error al obtener el carrito
2025-08-15 19:05:49.197 error: 	Asus--Error al obtener el carrito Error al obtener el carrito
2025-08-15 19:05:53.663 error: 	Asus--Error al obtener el carrito Error al obtener el carrito
2025-08-15 19:05:55.187 error: 	Asus--Error al obtener el carrito Error al obtener el carrito
2025-08-15 19:12:53.637 error: 	Asus--Error al obtener el carrito Error al obtener el carrito
2025-08-15 19:13:38.917 error: 	Asus--No se encontró carrito para completar No se encontró carrito para completar
2025-08-15 19:16:22.953 error: 	Asus--No se encontró carrito para completar No se encontró carrito para completar
2025-08-15 19:19:14.379 error: 	Asus--No se encontró carrito para completar No se encontró carrito para completar
2025-08-15 19:19:19.935 error: 	Asus--No se encontró carrito para completar No se encontró carrito para completar
2025-08-15 19:20:11.637 error: 	Asus--Error al obtener el carrito Error al obtener el carrito
2025-08-15 19:20:20.093 error: 	Asus--Error al obtener el carrito Error al obtener el carrito
2025-08-15 19:20:29.508 error: 	Asus--ID de usuario inválido ID de usuario inválido
2025-08-15 19:20:35.035 error: 	Asus--Error al obtener el carrito Error al obtener el carrito
2025-08-15 19:20:40.024 error: 	Asus--Error al obtener el carrito Error al obtener el carrito
2025-08-15 19:20:45.797 error: 	Asus--Error al obtener el carrito Error al obtener el carrito
2025-08-15 19:20:48.997 error: 	Asus--Error al obtener el carrito Error al obtener el carrito
2025-08-15 19:20:53.140 error: 	Asus--Error al obtener el carrito Error al obtener el carrito
2025-08-15 19:20:59.729 error: 	Asus--Error al obtener el carrito Error al obtener el carrito
2025-08-15 19:24:49.694 error: 	Asus--Error al obtener el carrito Error al obtener el carrito
2025-08-15 19:25:04.279 error: 	Asus--ID de usuario inválido ID de usuario inválido
2025-08-15 19:25:05.690 error: 	Asus--Error al obtener el carrito Error al obtener el carrito
2025-08-15 19:25:26.205 error: 	Asus--No se encontró carrito para completar No se encontró carrito para completar
2025-08-15 19:26:40.645 error: 	Asus--Error al obtener el carrito Error al obtener el carrito
2025-08-15 19:26:50.541 error: 	Asus--Error al obtener el carrito Error al obtener el carrito
2025-08-15 19:31:08.375 error: 	Asus--Error al obtener el carrito Error al obtener el carrito
2025-08-15 19:35:28.395 error: 	Asus--Error al obtener el carrito Error al obtener el carrito
2025-08-15 19:36:37.925 error: 	Asus--Error al obtener el carrito Error al obtener el carrito
2025-08-15 19:36:39.913 error: 	Asus--Error al obtener el carrito Error al obtener el carrito
2025-08-15 19:39:22.549 error: 	Asus--Usuario no encontrado Usuario no encontrado
2025-08-15 19:42:34.734 error: 	Asus--Error al completar el pedido Error al completar el pedido
2025-08-15 19:42:54.431 error: 	Asus--Error al obtener el carrito Error al obtener el carrito
2025-08-15 19:45:27.308 error: 	Asus--ID de usuario inválido ID de usuario inválido
2025-08-15 19:47:27.297 error: 	Asus--Error al obtener el carrito Error al obtener el carrito
2025-08-15 19:47:42.572 error: 	Asus--No se encontró carrito para completar No se encontró carrito para completar
2025-08-15 19:47:53.770 error: 	Asus--Error al obtener el carrito Error al obtener el carrito
2025-08-15 19:48:12.660 error: 	Asus--Error al obtener el carrito Error al obtener el carrito
2025-08-15 19:51:34.820 error: 	Asus--ID de usuario inválido ID de usuario inválido
2025-08-15 19:54:00.539 error: 	Asus--ID de usuario inválido ID de usuario inválido
2025-08-15 19:54:07.123 error: 	Asus--No se encontró un carrito activo No se encontró un carrito activo
2025-08-15 19:56:04.009 error: 	Asus--No se encontró un carrito activo No se encontró un carrito activo
2025-08-15 19:56:14.622 error: 	Asus--No se encontró un carrito activo No se encontró un carrito activo
2025-08-15 19:56:27.044 error: 	Asus--Carrito no encontrado Carrito no encontrado
2025-08-15 19:57:16.922 error: 	Asus--No se encontró un carrito activo No se encontró un carrito activo
2025-08-15 19:57:19.393 error: 	Asus--No se encontró un carrito activo No se encontró un carrito activo
2025-08-15 19:57:56.376 error: 	Asus--ID de usuario inválido ID de usuario inválido
2025-08-15 19:57:59.426 error: 	Asus--No se encontró un carrito activo No se encontró un carrito activo
