2025-07-27 17:18:45.522 error: 	Asus--Se produjo un error interno del servidor 
Invalid `this.prisma.promocion.findMany()` invocation in
C:\Users\Asus\OneDrive\Escritorio\joyohyd\Server\source\controllers\promocionController.ts:10:53

   7 
   8 get = async (req: Request, res: Response, next: NextFunction) => {
   9   try {
→ 10     const promociones = await this.prisma.promocion.findMany(
Can't reach database server at `localhost:3306`

Please make sure your database server is running at `localhost:3306`.
2025-07-27 17:18:45.540 error: 	Asus--Se produjo un error interno del servidor 
Invalid `this.prisma.promocion.findMany()` invocation in
C:\Users\Asus\OneDrive\Escritorio\joyohyd\Server\source\controllers\promocionController.ts:10:53

   7 
   8 get = async (req: Request, res: Response, next: NextFunction) => {
   9   try {
→ 10     const promociones = await this.prisma.promocion.findMany(
Can't reach database server at `localhost:3306`

Please make sure your database server is running at `localhost:3306`.
2025-07-27 17:19:10.091 error: 	Asus--Se produjo un error interno del servidor 
Invalid `this.prisma.promocion.findMany()` invocation in
C:\Users\Asus\OneDrive\Escritorio\joyohyd\Server\source\controllers\promocionController.ts:10:53

   7 
   8 get = async (req: Request, res: Response, next: NextFunction) => {
   9   try {
→ 10     const promociones = await this.prisma.promocion.findMany(
Can't reach database server at `localhost:3306`

Please make sure your database server is running at `localhost:3306`.
