2025-08-10 20:00:40.302 error: 	Asus--No existe el usuario No existe el usuario
2025-08-10 20:12:55.301 error: 	Asus--Se produjo un error interno del servidor 
Invalid `this.prisma.usuario.create()` invocation in
C:\Users\Asus\OneDrive\Escritorio\joyohyd\Server\source\controllers\usuarioController.ts:74:46

  71 const salt = await bcrypt.genSalt(10);
  72 const hash = await bcrypt.hash(contrasenna, salt);
  73 
→ 74 const user = await this.prisma.usuario.create(
Unique constraint failed on the constraint: `Usuario_nombre_key`
2025-08-10 20:13:39.894 error: 	Asus--Se produjo un error interno del servidor 
Invalid `this.prisma.usuario.create()` invocation in
C:\Users\Asus\OneDrive\Escritorio\joyohyd\Server\source\controllers\usuarioController.ts:74:46

  71 const salt = await bcrypt.genSalt(10);
  72 const hash = await bcrypt.hash(contrasenna, salt);
  73 
→ 74 const user = await this.prisma.usuario.create(
Unique constraint failed on the constraint: `Usuario_nombre_key`
2025-08-10 20:14:20.561 error: 	Asus--Se produjo un error interno del servidor 
Invalid `this.prisma.usuario.create()` invocation in
C:\Users\Asus\OneDrive\Escritorio\joyohyd\Server\source\controllers\usuarioController.ts:74:46

  71 const salt = await bcrypt.genSalt(10);
  72 const hash = await bcrypt.hash(contrasenna, salt);
  73 
→ 74 const user = await this.prisma.usuario.create(
Unique constraint failed on the constraint: `Usuario_nombre_key`
