2025-08-15 14:36:47.848 error: 	Asus--Error al agregar producto al carrito Error al agregar producto al carrito
2025-08-15 14:36:56.187 error: 	Asus--Item no encontrado en el carrito Item no encontrado en el carrito
2025-08-15 14:37:01.038 error: 	Asus--Item no encontrado en el carrito Item no encontrado en el carrito
2025-08-15 14:37:09.830 error: 	Asus--Item no encontrado en el carrito Item no encontrado en el carrito
2025-08-15 14:37:10.809 error: 	Asus--Item no encontrado en el carrito Item no encontrado en el carrito
2025-08-15 14:37:11.308 error: 	Asus--Item no encontrado en el carrito Item no encontrado en el carrito
2025-08-15 14:37:11.452 error: 	Asus--Item no encontrado en el carrito Item no encontrado en el carrito
2025-08-15 14:37:11.664 error: 	Asus--Item no encontrado en el carrito Item no encontrado en el carrito
2025-08-15 14:37:11.788 error: 	Asus--Item no encontrado en el carrito Item no encontrado en el carrito
2025-08-15 14:37:11.919 error: 	Asus--Item no encontrado en el carrito Item no encontrado en el carrito
2025-08-15 14:37:12.380 error: 	Asus--Item no encontrado en el carrito Item no encontrado en el carrito
2025-08-15 14:37:12.510 error: 	Asus--Item no encontrado en el carrito Item no encontrado en el carrito
2025-08-15 14:37:12.673 error: 	Asus--Item no encontrado en el carrito Item no encontrado en el carrito
2025-08-15 14:37:12.798 error: 	Asus--Item no encontrado en el carrito Item no encontrado en el carrito
2025-08-15 14:37:12.941 error: 	Asus--Item no encontrado en el carrito Item no encontrado en el carrito
2025-08-15 14:37:13.088 error: 	Asus--Item no encontrado en el carrito Item no encontrado en el carrito
2025-08-15 14:37:13.220 error: 	Asus--Item no encontrado en el carrito Item no encontrado en el carrito
2025-08-15 14:37:13.868 error: 	Asus--Item no encontrado en el carrito Item no encontrado en el carrito
2025-08-15 14:37:14.253 error: 	Asus--Item no encontrado en el carrito Item no encontrado en el carrito
2025-08-15 14:43:51.753 error: 	Asus--Error al actualizar cantidad Error al actualizar cantidad
2025-08-15 14:56:52.110 error: 	Asus--Error al obtener el carrito Error al obtener el carrito
2025-08-15 14:59:39.510 error: 	Asus--Item no encontrado en el carrito Item no encontrado en el carrito
2025-08-15 14:59:41.079 error: 	Asus--Item no encontrado en el carrito Item no encontrado en el carrito
2025-08-15 14:59:41.222 error: 	Asus--Item no encontrado en el carrito Item no encontrado en el carrito
2025-08-15 14:59:41.369 error: 	Asus--Item no encontrado en el carrito Item no encontrado en el carrito
2025-08-15 14:59:41.484 error: 	Asus--Item no encontrado en el carrito Item no encontrado en el carrito
2025-08-15 14:59:41.633 error: 	Asus--Item no encontrado en el carrito Item no encontrado en el carrito
2025-08-15 14:59:41.771 error: 	Asus--Item no encontrado en el carrito Item no encontrado en el carrito
2025-08-15 14:59:43.973 error: 	Asus--Carrito no encontrado Carrito no encontrado
2025-08-15 14:59:45.543 error: 	Asus--Carrito no encontrado Carrito no encontrado
2025-08-15 14:59:45.679 error: 	Asus--Carrito no encontrado Carrito no encontrado
2025-08-15 14:59:45.956 error: 	Asus--Carrito no encontrado Carrito no encontrado
