2025-07-21 18:11:43.604 error: 	Asus--Se produjo un error interno del servidor 
Invalid `this.prisma.producto.findMany()` invocation in
C:\Users\Asus\OneDrive\Escritorio\joyohyd\Server\source\controllers\productoController.ts:11:50

   8 // Listado de productos
   9 get = async (request: Request, response: Response, next: NextFunction) => {
  10   try {
→ 11     const listado = await this.prisma.producto.findMany(
Can't reach database server at `localhost:3306`

Please make sure your database server is running at `localhost:3306`.
2025-07-21 18:30:27.877 error: 	Asus--No se subieron archivos válidos No se subieron archivos válidos
2025-07-21 18:31:01.064 error: 	Asus--Se produjo un error interno del servidor 
Invalid `this.prisma.producto.findMany()` invocation in
C:\Users\Asus\OneDrive\Escritorio\joyohyd\Server\source\controllers\productoController.ts:11:50

   8 // Listado de productos
   9 get = async (request: Request, response: Response, next: NextFunction) => {
  10   try {
→ 11     const listado = await this.prisma.producto.findMany(
Can't reach database server at `localhost:3306`

Please make sure your database server is running at `localhost:3306`.
2025-07-21 18:32:27.483 error: 	Asus--ENOENT: no such file or directory, open 'C:\Users\Asus\OneDrive\Escritorio\joyohyd\Server\uploads\product-1753144347476-693656574.jpg' ENOENT: no such file or directory, open 'C:\Users\Asus\OneDrive\Escritorio\joyohyd\Server\uploads\product-1753144347476-693656574.jpg'
