2025-08-15 22:00:43.969 error: 	Asus--ID de usuario inválido ID de usuario inválido
2025-08-15 22:04:54.005 error: 	Asus--ID de usuario inválido ID de usuario inválido
2025-08-15 22:05:33.240 error: 	Asus--ID de usuario inválido ID de usuario inválido
2025-08-15 22:10:59.485 error: 	Asus--ID de usuario inválido ID de usuario inválido
2025-08-15 22:16:03.681 error: 	Asus--ID de usuario inválido ID de usuario inválido
2025-08-15 22:18:55.228 error: 	Asus--Error al completar el carrito Error al completar el carrito
2025-08-15 22:20:21.151 error: 	Asus--ID de usuario inválido ID de usuario inválido
2025-08-15 22:22:57.530 error: 	Asus--ID de usuario inválido ID de usuario inválido
2025-08-15 22:24:33.523 error: 	Asus--ID de usuario inválido ID de usuario inválido
2025-08-15 22:25:01.067 error: 	Asus--No se encontró el carrito para completar No se encontró el carrito para completar
2025-08-15 22:28:22.159 error: 	Asus--Carrito no encontrado Carrito no encontrado
2025-08-15 22:29:14.201 error: 	Asus--ID de usuario inválido ID de usuario inválido
2025-08-15 22:29:18.722 error: 	Asus--ID de usuario inválido ID de usuario inválido
2025-08-15 22:29:46.960 error: 	Asus--Error al completar el carrito Error al completar el carrito
2025-08-15 22:32:13.149 error: 	Asus--ID de usuario inválido ID de usuario inválido
2025-08-15 22:32:21.197 error: 	Asus--Carrito no encontrado Carrito no encontrado
2025-08-15 22:32:45.325 error: 	Asus--Carrito no encontrado Carrito no encontrado
2025-08-15 22:32:50.138 error: 	Asus--Carrito no encontrado Carrito no encontrado
2025-08-15 22:33:14.612 error: 	Asus--Carrito no encontrado Carrito no encontrado
2025-08-15 22:33:19.520 error: 	Asus--Carrito no encontrado Carrito no encontrado
2025-08-15 22:34:11.062 error: 	Asus--Carrito no encontrado Carrito no encontrado
2025-08-15 22:34:36.040 error: 	Asus--Carrito no encontrado Carrito no encontrado
2025-08-15 22:34:43.352 error: 	Asus--Carrito no encontrado Carrito no encontrado
2025-08-15 22:34:49.785 error: 	Asus--Carrito no encontrado Carrito no encontrado
2025-08-15 22:34:54.015 error: 	Asus--Carrito no encontrado Carrito no encontrado
2025-08-15 22:35:00.412 error: 	Asus--Carrito no encontrado Carrito no encontrado
2025-08-15 22:36:45.446 error: 	Asus--Error al completar el carrito Error al completar el carrito
2025-08-15 22:36:55.258 error: 	Asus--Item no encontrado en el carrito Item no encontrado en el carrito
2025-08-15 22:37:12.327 error: 	Asus--No se encontró el carrito para completar No se encontró el carrito para completar
2025-08-15 22:37:49.885 error: 	Asus--No se encontró el carrito para completar No se encontró el carrito para completar
2025-08-15 22:40:22.573 error: 	Asus--ID de usuario inválido ID de usuario inválido
2025-08-15 22:41:05.878 error: 	Asus--ID de usuario inválido ID de usuario inválido
2025-08-15 22:41:23.645 error: 	Asus--No se encontró el carrito para completar No se encontró el carrito para completar
2025-08-15 22:41:25.132 error: 	Asus--No se encontró el carrito para completar No se encontró el carrito para completar
2025-08-15 22:41:25.287 error: 	Asus--No se encontró el carrito para completar No se encontró el carrito para completar
2025-08-15 22:41:25.415 error: 	Asus--No se encontró el carrito para completar No se encontró el carrito para completar
2025-08-15 22:42:37.496 error: 	Asus--Item no encontrado en el carrito Item no encontrado en el carrito
